// Jest Snapshot v1, https://goo.gl/fbAQLP

exports[`Check Confirmation page snapshot: matches the snapshot 1`] = `
Object {
  "asFragment": [Function],
  "baseElement": <body>
    <div>
      <nav
        aria-label="Breadcrumb"
        class="breadcrumb"
      >
        <ol
          class="breadcrumb__items u-fs-s"
        >
          <li
            class="breadcrumb__item"
            id="breadcrumb-0"
          >
            <a
              class="breadcrumb__link"
              href="/"
            >
              Home
            </a>
            <svg
              class="svg-icon"
              focusable="false"
              viewBox="0 0 8 13"
              xmlns="http://www.w3.org/2000/svg"
            >
              <path
                d="M5.74,14.28l-.57-.56a.5.5,0,0,1,0-.71h0l5-5-5-5a.5.5,0,0,1,0-.71h0l.57-.56a.5.5,0,0,1,.71,0h0l5.93,5.93a.5.5,0,0,1,0,.7L6.45,14.28a.5.5,0,0,1-.71,0Z"
                transform="translate(-5.02 -1.59)"
              />
            </svg>
          </li>
        </ol>
      </nav>
      <main
        class="page__main u-mt-no"
        id="main-content"
      >
        <h1
          class="u-mb-l"
        >
          Are you sure you want to trigger Data Delivery?
        </h1>
        <form
          class="u-mt-m"
        >
          <fieldset
            class="fieldset"
          >
            <legend
              class="fieldset__legend"
            />
            <div
              class="radios__items"
            >
              <p
                class="radios__item"
              >
                <span
                  class="radio"
                >
                  <input
                    aria-label="No"
                    class="radio__input js-radio "
                    id="confirm-overwrite"
                    name="confirm-delete"
                    type="radio"
                    value="True"
                  />
                  <label
                    class="radio__label "
                    for="confirm-overwrite"
                  >
                    Yes, trigger Data Delivery
                  </label>
                </span>
              </p>
              <br />
              <p
                class="radios__item"
              >
                <span
                  class="radio"
                >
                  <input
                    aria-label="Yes"
                    class="radio__input js-radio "
                    id="cancel-keep"
                    name="confirm-delete"
                    type="radio"
                    value="False"
                  />
                  <label
                    class="radio__label "
                    for="cancel-keep"
                  >
                    No, do not trigger Data Delivery
                  </label>
                </span>
              </p>
            </div>
          </fieldset>
          <br />
          <button
            class="btn "
            data-testid="button"
            id="confirm-continue"
            type="button"
          >
            <span
              class="btn__inner"
            >
              Continue
            </span>
          </button>
          <button
            class="btn btn--secondary "
            data-testid="button"
            id="cancel-overwrite"
            type="button"
          >
            <span
              class="btn__inner"
            >
              Cancel
            </span>
          </button>
        </form>
      </main>
    </div>
  </body>,
  "container": <div>
    <nav
      aria-label="Breadcrumb"
      class="breadcrumb"
    >
      <ol
        class="breadcrumb__items u-fs-s"
      >
        <li
          class="breadcrumb__item"
          id="breadcrumb-0"
        >
          <a
            class="breadcrumb__link"
            href="/"
          >
            Home
          </a>
          <svg
            class="svg-icon"
            focusable="false"
            viewBox="0 0 8 13"
            xmlns="http://www.w3.org/2000/svg"
          >
            <path
              d="M5.74,14.28l-.57-.56a.5.5,0,0,1,0-.71h0l5-5-5-5a.5.5,0,0,1,0-.71h0l.57-.56a.5.5,0,0,1,.71,0h0l5.93,5.93a.5.5,0,0,1,0,.7L6.45,14.28a.5.5,0,0,1-.71,0Z"
              transform="translate(-5.02 -1.59)"
            />
          </svg>
        </li>
      </ol>
    </nav>
    <main
      class="page__main u-mt-no"
      id="main-content"
    >
      <h1
        class="u-mb-l"
      >
        Are you sure you want to trigger Data Delivery?
      </h1>
      <form
        class="u-mt-m"
      >
        <fieldset
          class="fieldset"
        >
          <legend
            class="fieldset__legend"
          />
          <div
            class="radios__items"
          >
            <p
              class="radios__item"
            >
              <span
                class="radio"
              >
                <input
                  aria-label="No"
                  class="radio__input js-radio "
                  id="confirm-overwrite"
                  name="confirm-delete"
                  type="radio"
                  value="True"
                />
                <label
                  class="radio__label "
                  for="confirm-overwrite"
                >
                  Yes, trigger Data Delivery
                </label>
              </span>
            </p>
            <br />
            <p
              class="radios__item"
            >
              <span
                class="radio"
              >
                <input
                  aria-label="Yes"
                  class="radio__input js-radio "
                  id="cancel-keep"
                  name="confirm-delete"
                  type="radio"
                  value="False"
                />
                <label
                  class="radio__label "
                  for="cancel-keep"
                >
                  No, do not trigger Data Delivery
                </label>
              </span>
            </p>
          </div>
        </fieldset>
        <br />
        <button
          class="btn "
          data-testid="button"
          id="confirm-continue"
          type="button"
        >
          <span
            class="btn__inner"
          >
            Continue
          </span>
        </button>
        <button
          class="btn btn--secondary "
          data-testid="button"
          id="cancel-overwrite"
          type="button"
        >
          <span
            class="btn__inner"
          >
            Cancel
          </span>
        </button>
      </form>
    </main>
  </div>,
  "debug": [Function],
  "findAllByAltText": [Function],
  "findAllByDisplayValue": [Function],
  "findAllByLabelText": [Function],
  "findAllByPlaceholderText": [Function],
  "findAllByRole": [Function],
  "findAllByTestId": [Function],
  "findAllByText": [Function],
  "findAllByTitle": [Function],
  "findByAltText": [Function],
  "findByDisplayValue": [Function],
  "findByLabelText": [Function],
  "findByPlaceholderText": [Function],
  "findByRole": [Function],
  "findByTestId": [Function],
  "findByText": [Function],
  "findByTitle": [Function],
  "getAllByAltText": [Function],
  "getAllByDisplayValue": [Function],
  "getAllByLabelText": [Function],
  "getAllByPlaceholderText": [Function],
  "getAllByRole": [Function],
  "getAllByTestId": [Function],
  "getAllByText": [Function],
  "getAllByTitle": [Function],
  "getByAltText": [Function],
  "getByDisplayValue": [Function],
  "getByLabelText": [Function],
  "getByPlaceholderText": [Function],
  "getByRole": [Function],
  "getByTestId": [Function],
  "getByText": [Function],
  "getByTitle": [Function],
  "queryAllByAltText": [Function],
  "queryAllByDisplayValue": [Function],
  "queryAllByLabelText": [Function],
  "queryAllByPlaceholderText": [Function],
  "queryAllByRole": [Function],
  "queryAllByTestId": [Function],
  "queryAllByText": [Function],
  "queryAllByTitle": [Function],
  "queryByAltText": [Function],
  "queryByDisplayValue": [Function],
  "queryByLabelText": [Function],
  "queryByPlaceholderText": [Function],
  "queryByRole": [Function],
  "queryByTestId": [Function],
  "queryByText": [Function],
  "queryByTitle": [Function],
  "rerender": [Function],
  "unmount": [Function],
}
`;
